// Jest Snapshot v1, https://goo.gl/fbAQLP

exports[`renders lobby page 1`] = `<DocumentFragment />`;
